[dotenv@17.2.3] injecting env (7) from .env.local -- tip: ΓÜÖ∩╕Å  write to custom object with { processEnv: myObject }
Initializing PostgreSQL Pool...
Γ£à PostgreSQL connection pool created
Testing login for: admin@salespro.com
--- Fetching User ---
User found: {
  Id: 1,
  Name: 'System Admin',
  Email: 'admin@salespro.com',
  RoleId: 1,
  Rolename: 'Admin'
}
--- Fetching Permissions ---
Raw Permission Recordset: [
  { Module: 'USERS', Action: 'VIEW' },
  { Module: 'USERS', Action: 'CREATE' },
  { Module: 'USERS', Action: 'MANAGE' },
  { Module: 'BU', Action: 'VIEW' },
  { Module: 'BU', Action: 'MANAGE' },
  { Module: 'ROLES', Action: 'VIEW' },
  { Module: 'ROLES', Action: 'MANAGE' },
  { Module: 'PRODUCTS', Action: 'VIEW' },
  { Module: 'PRODUCTS', Action: 'MANAGE' },
  { Module: 'ASSETS', Action: 'VIEW' },
  { Module: 'ASSETS', Action: 'UPLOAD' },
  { Module: 'ASSETS', Action: 'MANAGE' },
  { Module: 'DEPARTMENTS', Action: 'VIEW' },
  { Module: 'DEPARTMENTS', Action: 'MANAGE' },
  { Module: 'CATEGORIES', Action: 'VIEW' },
  { Module: 'CATEGORIES', Action: 'MANAGE' }
]
Processed Permissions: [
  'USERS_VIEW',       'USERS_CREATE',
  'USERS_MANAGE',     'BU_VIEW',
  'BU_MANAGE',        'ROLES_VIEW',
  'ROLES_MANAGE',     'PRODUCTS_VIEW',
  'PRODUCTS_MANAGE',  'ASSETS_VIEW',
  'ASSETS_UPLOAD',    'ASSETS_MANAGE',
  'DEPARTMENTS_VIEW', 'DEPARTMENTS_MANAGE',
  'CATEGORIES_VIEW',  'CATEGORIES_MANAGE'
]
