node.exe : npm verbose 
cli C:\Program 
Files\nodejs\node.exe 
C:\Program Files\nodejs\no
de_modules\npm\bin\npm-cli
.js
At C:\Program 
Files\nodejs\npm.ps1:29 
char:3
+   & $NODE_EXE 
$NPM_CLI_JS $args
+   ~~~~~~~~~~~~~~~~~~~~~~
~~~~~~~
    + CategoryInfo        
      : NotSpecified: (n  
  pm verbose cli...\bin   
 \npm-cli.js:String) [    
], RemoteException
    + FullyQualifiedError 
   Id : NativeCommandErr  
  or
 
npm info using npm@10.9.2
npm info using 
node@v22.15.0
npm verbose title npm test
npm verbose argv "test" 
"--loglevel" "verbose"
npm verbose logfile 
logs-max:10 dir:C:\Users\a
nnva\AppData\Local\npm-cac
he\_logs\2026-02-06T06_45_
22_395Z-
npm verbose logfile C:\Use
rs\annva\AppData\Local\npm
-cache\_logs\2026-02-06T06
_45_22_395Z-debug-0.log

> salespro-toolkit@0.1.1 test
> node --experimental-vm-modules node_modules/jest/bin/jest.js

(node:13036) 
ExperimentalWarning: VM 
Modules is an 
experimental feature and 
might change at any time
(Use `node 
--trace-warnings ...` to 
show where the warning 
was created)
FAIL server/__tests__/midd
leware/security.test.js
  ΓùÅ Console

    console.log
      [dotenv@17.2.3] 
injecting env (13) from 
.env.local -- tip: ΓÜÖ∩╕Å 
 write to custom object 
with { processEnv: 
myObject }

      at _log (node_module
s/dotenv/lib/main.js:142:1
1)

  ΓùÅ [Test] Security 
Middleware ΓÇ║ 
createToken ΓÇ║ should 
create valid JWT token

    JsonWebTokenError: 
invalid signature

    [0m [90m 30 |[39m
     [90m 31 |[39m      
       [90m// Verify 
token structure[39m
    
[31m[1m>[22m[39m[90m 
32 |[39m             
[36mconst[39m decoded 
[33m=[39m jwt[33m.[39m
verify(token[33m,[39m pr
ocess[33m.[39menv[33m.
[39m[33mJWT_SECRET[39m)
[33m;[39m
     [90m    |[39m      
                          
 [31m[1m^[22m[39m
     [90m 33 |[39m      
       expect(decoded[33m
.[39muserId)[33m.[39mto
Be(userId)[33m;[39m
     [90m 34 |[39m      
       expect(decoded[33m
.[39mpermissions)[33m.[
39mtoEqual(permissions)[3
3m;[39m
     [90m 35 |[39m      
   })[33m;[39m[0m

      at node_modules/json
webtoken/verify.js:171:19
      at getSecret (node_m
odules/jsonwebtoken/verify
.js:97:14)
      at 
Object.module.exports [as 
verify] (node_modules/json
webtoken/verify.js:101:10)
      at 
Object.<anonymous> (server
/__tests__/middleware/secu
rity.test.js:32:33)

  ΓùÅ [Test] Security 
Middleware ΓÇ║ 
createToken ΓÇ║ should 
set correct expiration 
time

    JsonWebTokenError: 
invalid signature

    [0m [90m 37 |[39m  
       test([32m'should 
set correct expiration 
time'[39m[33m,[39m () 
[33m=>[39m {
     [90m 38 |[39m      
       [36mconst[39m 
token [33m=[39m createTo
ken([35m1[39m[33m,[39m
 [])[33m;[39m
    
[31m[1m>[22m[39m[90m 
39 |[39m             
[36mconst[39m decoded 
[33m=[39m jwt[33m.[39m
verify(token[33m,[39m pr
ocess[33m.[39menv[33m.
[39m[33mJWT_SECRET[39m)
[33m;[39m
     [90m    |[39m      
                          
 [31m[1m^[22m[39m
     [90m 40 |[39m
     [90m 41 |[39m      
       [36mconst[39m 
now [33m=[39m [33mMath
[39m[33m.[39mfloor([33m
Date[39m[33m.[39mnow() 
[33m/[39m 
[35m1000[39m)[33m;[39m
     [90m 42 |[39m      
       [36mconst[39m 
expectedExp [33m=[39m 
now [33m+[39m 
([35m15[39m [33m*[39m 
[35m60[39m)[33m;[39m 
[90m// 15 
minutes[39m[0m

      at node_modules/json
webtoken/verify.js:171:19
      at getSecret (node_m
odules/jsonwebtoken/verify
.js:97:14)
      at 
Object.module.exports [as 
verify] (node_modules/json
webtoken/verify.js:101:10)
      at 
Object.<anonymous> (server
/__tests__/middleware/secu
rity.test.js:39:33)

  ΓùÅ [Test] Security 
Middleware ΓÇ║ 
createToken ΓÇ║ should 
include required claims

    JsonWebTokenError: 
invalid signature

    [0m [90m 48 |[39m  
       test([32m'should 
include required 
claims'[39m[33m,[39m 
() [33m=>[39m {
     [90m 49 |[39m      
       [36mconst[39m 
token [33m=[39m createTo
ken([35m1[39m[33m,[39m
 [[32m'TEST_PERMISSION'[
39m])[33m;[39m
    
[31m[1m>[22m[39m[90m 
50 |[39m             
[36mconst[39m decoded 
[33m=[39m jwt[33m.[39m
verify(token[33m,[39m pr
ocess[33m.[39menv[33m.
[39m[33mJWT_SECRET[39m)
[33m;[39m
     [90m    |[39m      
                          
 [31m[1m^[22m[39m
     [90m 51 |[39m
     [90m 52 |[39m      
       expect(decoded)[33
m.[39mtoHaveProperty([32
m'userId'[39m)[33m;[39m
     [90m 53 |[39m      
       expect(decoded)[33
m.[39mtoHaveProperty([32
m'permissions'[39m)[33m;
[39m[0m

      at node_modules/json
webtoken/verify.js:171:19
      at getSecret (node_m
odules/jsonwebtoken/verify
.js:97:14)
      at 
Object.module.exports [as 
verify] (node_modules/json
webtoken/verify.js:101:10)
      at 
Object.<anonymous> (server
/__tests__/middleware/secu
rity.test.js:50:33)

  ΓùÅ [Test] Security 
Middleware ΓÇ║ 
verifyToken ΓÇ║ should 
verify valid token

    expect(received).toBe(
expected) // Object.is 
equality

    Expected: 1
    Received: undefined

    [0m [90m 72 |[39m
     [90m 73 |[39m      
       expect(decoded)[33
m.[39mtoBeDefined()[33m;
[39m
    
[31m[1m>[22m[39m[90m 
74 |[39m             expe
ct(decoded[33m.[39muserI
d)[33m.[39mtoBe([35m1[
39m)[33m;[39m
     [90m    |[39m      
                          
    [31m[1m^[22m[39m
     [90m 75 |[39m      
   })[33m;[39m
     [90m 76 |[39m
     [90m 77 |[39m      
   test([32m'should 
reject expired 
token'[39m[33m,[39m () 
[33m=>[39m {[0m

      at 
Object.<anonymous> (server
/__tests__/middleware/secu
rity.test.js:74:36)

  ΓùÅ [Test] Security 
Middleware ΓÇ║ 
authenticateToken 
middleware ΓÇ║ should 
accept valid token in 
Authorization header

    ReferenceError: jest 
is not defined

    [0m [90m 121 |[39m 
            }[33m;[39m
     [90m 122 |[39m     
        res [33m=[39m {
    
[31m[1m>[22m[39m[90m 
123 |[39m                
 status[33m:[39m jest[3
3m.[39mfn()[33m.[39mmoc
kReturnThis()[33m,[39m
     [90m     |[39m     
                    
[31m[1m^[22m[39m
     [90m 124 |[39m     
            
json[33m:[39m 
jest[33m.[39mfn()
     [90m 125 |[39m     
        }[33m;[39m
     [90m 126 |[39m     
        next [33m=[39m j
est[33m.[39mfn()[33m;[
39m[0m

      at 
Object.<anonymous> (server
/__tests__/middleware/secu
rity.test.js:123:25)

  ΓùÅ [Test] Security 
Middleware ΓÇ║ 
authenticateToken 
middleware ΓÇ║ should 
reject missing 
Authorization header

    ReferenceError: jest 
is not defined

    [0m [90m 121 |[39m 
            }[33m;[39m
     [90m 122 |[39m     
        res [33m=[39m {
    
[31m[1m>[22m[39m[90m 
123 |[39m                
 status[33m:[39m jest[3
3m.[39mfn()[33m.[39mmoc
kReturnThis()[33m,[39m
     [90m     |[39m     
                    
[31m[1m^[22m[39m
     [90m 124 |[39m     
            
json[33m:[39m 
jest[33m.[39mfn()
     [90m 125 |[39m     
        }[33m;[39m
     [90m 126 |[39m     
        next [33m=[39m j
est[33m.[39mfn()[33m;[
39m[0m

      at 
Object.<anonymous> (server
/__tests__/middleware/secu
rity.test.js:123:25)

  ΓùÅ [Test] Security 
Middleware ΓÇ║ 
authenticateToken 
middleware ΓÇ║ should 
reject invalid token 
format

    ReferenceError: jest 
is not defined

    [0m [90m 121 |[39m 
            }[33m;[39m
     [90m 122 |[39m     
        res [33m=[39m {
    
[31m[1m>[22m[39m[90m 
123 |[39m                
 status[33m:[39m jest[3
3m.[39mfn()[33m.[39mmoc
kReturnThis()[33m,[39m
     [90m     |[39m     
                    
[31m[1m^[22m[39m
     [90m 124 |[39m     
            
json[33m:[39m 
jest[33m.[39mfn()
     [90m 125 |[39m     
        }[33m;[39m
     [90m 126 |[39m     
        next [33m=[39m j
est[33m.[39mfn()[33m;[
39m[0m

      at 
Object.<anonymous> (server
/__tests__/middleware/secu
rity.test.js:123:25)

  ΓùÅ [Test] Security 
Middleware ΓÇ║ 
authenticateToken 
middleware ΓÇ║ should 
reject expired token

    ReferenceError: jest 
is not defined

    [0m [90m 121 |[39m 
            }[33m;[39m
     [90m 122 |[39m     
        res [33m=[39m {
    
[31m[1m>[22m[39m[90m 
123 |[39m                
 status[33m:[39m jest[3
3m.[39mfn()[33m.[39mmoc
kReturnThis()[33m,[39m
     [90m     |[39m     
                    
[31m[1m^[22m[39m
     [90m 124 |[39m     
            
json[33m:[39m 
jest[33m.[39mfn()
     [90m 125 |[39m     
        }[33m;[39m
     [90m 126 |[39m     
        next [33m=[39m j
est[33m.[39mfn()[33m;[
39m[0m

      at 
Object.<anonymous> (server
/__tests__/middleware/secu
rity.test.js:123:25)

  ΓùÅ [Test] Security 
Middleware ΓÇ║ 
requirePermission 
middleware ΓÇ║ should 
allow user with required 
permission

    ReferenceError: jest 
is not defined

    [0m [90m 182 |[39m 
            }[33m;[39m
     [90m 183 |[39m     
        res [33m=[39m {
    
[31m[1m>[22m[39m[90m 
184 |[39m                
 status[33m:[39m jest[3
3m.[39mfn()[33m.[39mmoc
kReturnThis()[33m,[39m
     [90m     |[39m     
                    
[31m[1m^[22m[39m
     [90m 185 |[39m     
            
json[33m:[39m 
jest[33m.[39mfn()
     [90m 186 |[39m     
        }[33m;[39m
     [90m 187 |[39m     
        next [33m=[39m j
est[33m.[39mfn()[33m;[
39m[0m

      at 
Object.<anonymous> (server
/__tests__/middleware/secu
rity.test.js:184:25)

  ΓùÅ [Test] Security 
Middleware ΓÇ║ 
requirePermission 
middleware ΓÇ║ should 
deny user without 
required permission

    ReferenceError: jest 
is not defined

    [0m [90m 182 |[39m 
            }[33m;[39m
     [90m 183 |[39m     
        res [33m=[39m {
    
[31m[1m>[22m[39m[90m 
184 |[39m                
 status[33m:[39m jest[3
3m.[39mfn()[33m.[39mmoc
kReturnThis()[33m,[39m
     [90m     |[39m     
                    
[31m[1m^[22m[39m
     [90m 185 |[39m     
            
json[33m:[39m 
jest[33m.[39mfn()
     [90m 186 |[39m     
        }[33m;[39m
     [90m 187 |[39m     
        next [33m=[39m j
est[33m.[39mfn()[33m;[
39m[0m

      at 
Object.<anonymous> (server
/__tests__/middleware/secu
rity.test.js:184:25)

  ΓùÅ [Test] Security 
Middleware ΓÇ║ 
requirePermission 
middleware ΓÇ║ should 
deny unauthenticated user

    ReferenceError: jest 
is not defined

    [0m [90m 182 |[39m 
            }[33m;[39m
     [90m 183 |[39m     
        res [33m=[39m {
    
[31m[1m>[22m[39m[90m 
184 |[39m                
 status[33m:[39m jest[3
3m.[39mfn()[33m.[39mmoc
kReturnThis()[33m,[39m
     [90m     |[39m     
                    
[31m[1m^[22m[39m
     [90m 185 |[39m     
            
json[33m:[39m 
jest[33m.[39mfn()
     [90m 186 |[39m     
        }[33m;[39m
     [90m 187 |[39m     
        next [33m=[39m j
est[33m.[39mfn()[33m;[
39m[0m

      at 
Object.<anonymous> (server
/__tests__/middleware/secu
rity.test.js:184:25)

  ΓùÅ [Test] Security 
Middleware ΓÇ║ 
requirePermission 
middleware ΓÇ║ should 
handle multiple 
permissions

    ReferenceError: jest 
is not defined

    [0m [90m 182 |[39m 
            }[33m;[39m
     [90m 183 |[39m     
        res [33m=[39m {
    
[31m[1m>[22m[39m[90m 
184 |[39m                
 status[33m:[39m jest[3
3m.[39mfn()[33m.[39mmoc
kReturnThis()[33m,[39m
     [90m     |[39m     
                    
[31m[1m^[22m[39m
     [90m 185 |[39m     
            
json[33m:[39m 
jest[33m.[39mfn()
     [90m 186 |[39m     
        }[33m;[39m
     [90m 187 |[39m     
        next [33m=[39m j
est[33m.[39mfn()[33m;[
39m[0m

      at 
Object.<anonymous> (server
/__tests__/middleware/secu
rity.test.js:184:25)

  ΓùÅ [Test] Security 
Middleware ΓÇ║ 
requirePermission 
middleware ΓÇ║ should be 
case-sensitive

    ReferenceError: jest 
is not defined

    [0m [90m 182 |[39m 
            }[33m;[39m
     [90m 183 |[39m     
        res [33m=[39m {
    
[31m[1m>[22m[39m[90m 
184 |[39m                
 status[33m:[39m jest[3
3m.[39mfn()[33m.[39mmoc
kReturnThis()[33m,[39m
     [90m     |[39m     
                    
[31m[1m^[22m[39m
     [90m 185 |[39m     
            
json[33m:[39m 
jest[33m.[39mfn()
     [90m 186 |[39m     
        }[33m;[39m
     [90m 187 |[39m     
        next [33m=[39m j
est[33m.[39mfn()[33m;[
39m[0m

      at 
Object.<anonymous> (server
/__tests__/middleware/secu
rity.test.js:184:25)

FAIL server/__tests__/util
s/validation.test.js
  ΓùÅ [Test] Validation 
Utilities ΓÇ║ isValidId 
ΓÇ║ should reject invalid 
integers

    expect(received).toBe(
expected) // Object.is 
equality

    Expected: false
    Received: true

    [0m [90m 128 |[39m 
            expect(isValid
Id([35m0[39m))[33m.[39
mtoBe([36mfalse[39m)[33
m;[39m
     [90m 129 |[39m     
        expect(isValidId(
[33m-[39m[35m1[39m))[3
3m.[39mtoBe([36mfalse[3
9m)[33m;[39m
    
[31m[1m>[22m[39m[90m 
130 |[39m             exp
ect(isValidId([35m1.5[39
m))[33m.[39mtoBe([36mfa
lse[39m)[33m;[39m
     [90m     |[39m     
                          
     [31m[1m^[22m[39m
     [90m 131 |[39m     
        expect(isValidId(
[32m'abc'[39m))[33m.[39
mtoBe([36mfalse[39m)[33
m;[39m
     [90m 132 |[39m     
        expect(isValidId(
[32m''[39m))[33m.[39mto
Be([36mfalse[39m)[33m;
[39m
     [90m 133 |[39m     
        expect(isValidId(
[36mnull[39m))[33m.[39m
toBe([36mfalse[39m)[33m
;[39m[0m

      at 
Object.<anonymous> (server
/__tests__/utils/validatio
n.test.js:130:36)

Test Suites: 2 failed, 2 
total
Tests:       14 failed, 
25 passed, 39 total
Snapshots:   0 total
Time:        0.73 s, 
estimated 1 s
Ran all test suites.
npm verbose cwd C:\Users\a
nnva\testFolder\salespro-t
oolkit
npm verbose os Windows_NT 
10.0.26200
npm verbose node v22.15.0
npm verbose npm  v10.9.2
npm verbose exit 1
npm verbose code 1
