
> salespro-toolkit@0.1.1 test
> jest

node.exe : FAIL 
server/__tests__/utils/validation.test.js
At C:\Program Files\nodejs\npm.ps1:29 char:3
+   & $NODE_EXE $NPM_CLI_JS $args
+   ~~~~~~~~~~~~~~~~~~~~~~~~~~~~~
    + CategoryInfo          : NotSpecified: (F 
   AIL server/__t...idation.test.js:String) [  
  ], RemoteException
    + FullyQualifiedErrorId : NativeCommandErr 
   or
 
  [Test] Validation Utilities
    isValidEmail
      ΓêÜ should accept valid email formats (2 
ms)
      ΓêÜ should reject invalid email formats
      ΓêÜ should handle edge cases
    isValidPassword
      ΓêÜ should accept strong passwords (1 ms)
      ΓêÜ should reject weak passwords
      ΓêÜ should handle edge cases (1 ms)
    isValidLength
      ΓêÜ should accept strings within range
      ΓêÜ should reject strings outside range
      ΓêÜ should handle edge cases (1 ms)
    isValidId
      ΓêÜ should accept positive integers
      ΓêÜ should reject invalid integers
      ├ù should handle edge cases (3 ms)
    isValidUserType
      ΓêÜ should accept valid user types
      ΓêÜ should reject invalid user types (1 
ms)
    isValidPartnerCategory
      ΓêÜ should accept valid partner 
categories
      ΓêÜ should reject invalid partner 
categories (1 ms)
      ΓêÜ should accept null/undefined 
(optional field)
    sanitizeString
      ΓêÜ should trim whitespace (1 ms)
      ΓêÜ should remove control characters
      ΓêÜ should preserve safe characters
      ΓêÜ should handle edge cases

  ΓùÅ [Test] Validation Utilities ΓÇ║ 
isValidId ΓÇ║ should handle edge cases

    expect(received).toBe(expected) // 
Object.is equality

    Expected: true
    Received: false

    [0m [90m 100 |[39m
     [90m 101 |[39m         
test([32m'should handle edge 
cases'[39m[33m,[39m () [33m=>[39m {
    [31m[1m>[22m[39m[90m 102 |[39m       
      expect(isValidId([32m'01'[39m))[33m.[
39mtoBe([36mtrue[39m)[33m;[39m
     [90m     |[39m                          
           [31m[1m^[22m[39m
     [90m 103 |[39m         })[33m;[39m
     [90m 104 |[39m     })[33m;[39m
     [90m 105 |[39m[0m

      at Object.toBe (server/__tests__/utils/va
lidation.test.js:102:37)

PASS 
server/__tests__/middleware/security.test.js
  [Test] Security Middleware
    createToken
      ΓêÜ should create valid JWT token (8 ms)
      ΓêÜ should set correct expiration time 
(2 ms)
      ΓêÜ should include required claims (4 ms)
    verifyToken
      ΓêÜ should verify valid token (3 ms)
      ΓêÜ should reject expired token (17 ms)
      ΓêÜ should reject token with invalid 
signature (3 ms)
      ΓêÜ should reject malformed token (4 ms)
    authenticateToken middleware
      ΓêÜ should accept valid token in 
Authorization header (5 ms)
      ΓêÜ should reject missing Authorization 
header (1 ms)
      ΓêÜ should reject invalid token format 
(1 ms)
      ΓêÜ should reject expired token (3 ms)
    requirePermission middleware
      ΓêÜ should allow user with required 
permission (1 ms)
      ΓêÜ should deny user without required 
permission
      ΓêÜ should deny unauthenticated user (1 
ms)
      ΓêÜ should handle multiple permissions
      ΓêÜ should be case-sensitive

Test Suites: 1 failed, 1 passed, 2 total
Tests:       1 failed, 36 passed, 37 total
Snapshots:   0 total
Time:        0.633 s, estimated 1 s
Ran all test suites.
